// Jest Snapshot v1, https://goo.gl/fbAQLP

exports[`AppHeader should renders correctly 1`] = `undefined`;

exports[`ItemsCard should renders correctly 1`] = `
<div class="item-list-card"><img src="" alt="Component title" height="180" width="180">
  <div class="item-infos">
    <p class="item-price">
      $123.00
    </p>
    <p>Component title</p>
    <p>new</p>
  </div>
</div>
`;
